// Vitest Snapshot v1, https://vitest.dev/guide/snapshot.html

exports[`Clock > Clock component renders correctly 1`] = `
<div>
  This is a clock
</div>
`;
